


ARM Macro Assembler    Page 1 


    1 00000000         ; WRITE AN ALP TO FIND THE LARGEST/SMALLEST IN AN ARRAY 
                       OF 32 BIT NUMBERS 
    2 00000000                 AREA             PROGRAM, CODE, READONLY ; PROGR
                                                            AM PREREQUISITES IN
                                                             READ ONLY MEMORY
    3 00000000                 ENTRY                        ; BEGINNING OF PROG
                                                            RAM
    4 00000000         
    5 00000000 E59F0074        LDR              R0, = ARRAY ; LOAD ADDRESS OF "
                                                            ARRRAY" INTO R0
    6 00000004 E59F1074        LDR              R1, = ARRAYSIZE ; LOAD ADDRESS 
                                                            OF "ARRAYSIZE" INTO
                                                             R1
    7 00000008 E5912000        LDR              R2, [R1]    ; LOAD CONTENT OF "
                                                            ARRAYSIZE" INTO R2
    8 0000000C E5903000        LDR              R3, [R0]    ; INITIALIZE R3 WIT
                                                            H FIRST CONTENT OF 
                                                            "ARRAY" FOR FINDING
                                                             GREATEST NUMBER IN
                                                             "ARRAY"
    9 00000010 E5904000        LDR              R4, [R0]    ; INITIALIZE R4 WIT
                                                            H FIRST CONTENT OF 
                                                            "ARRAY" FOR FINDING
                                                             LOWEST NUMBER IN "
                                                            ARRAY"
   10 00000014         
   11 00000014 E4905004 
                       LOOP    LDR              R5, [R0], #4 ; LOAD THE ITERABL
                                                            E CONTENT OF "ARRAY
                                                            " INTO R5
   12 00000018 E1550003        CMP              R5, R3      ; CHECK IF R5 IS GR
                                                            EATER THAN R3
   13 0000001C C1A03005        MOVGT            R3, R5      ; IF R5 IS GREATER 
                                                            THAN R3, THEN UPDAT
                                                            E R3 WITH R5 
   14 00000020 E1550004        CMP              R5, R4      ; CHECK IF R5 IS LE
                                                            SSER THAN R4
   15 00000024 B1A04005        MOVLT            R4, R5      ; IF R5 IS LESS THA
                                                            N R3, THEN UPDATE R
                                                            4 WITH R5 
   16 00000028 E2522001        SUBS             R2, #1      ; DECREASE "ARRAYSI
                                                            ZE" BY 1
   17 0000002C E3520000        CMP              R2, #0      ; CHECK IF ARRAY SI
                                                            ZE IS 0
   18 00000030 0A000000        BEQ              STORE       ; BRANCH TO LABEL "
                                                            STORE" IF "ARRAYSIZ
                                                            E" IS 0
   19 00000034 1AFFFFF6        BNE              LOOP        ; BRANCH TO "LOOP" 
                                                            UNTIL ZERO FLAG IS 
                                                            SET HIGH
   20 00000038         
   21 00000038 E59F6044 
                       STORE   LDR              R6, = LARGEADDRESS ; LOAD ADDRE
                                                            SS OF "LARGEADDRESS
                                                            " INTO R6
   22 0000003C E5863000        STR              R3, [R6]    ; STORE CONTENT OF 
                                                            R3 INTO MEMORY LOCA
                                                            TION POINTED BY R6
   23 00000040 E59F7040        LDR              R7, = SMALLADDRESS ; LOAD ADDRE



ARM Macro Assembler    Page 2 


                                                            SS OF "SMALLADDRESS
                                                            " INTO R7
   24 00000044 E5874000        STR              R4, [R7]    ; STORE CONTENT OF 
                                                            R4 INTO MEMORY LOCA
                                                            TION POINTED BY R7
   25 00000048 EAFFFFFE 
                       STOP    B                STOP        ; INFINITE LOOP
   26 0000004C         
   27 0000004C 0000000B 
              00000005 
              00000002 
              00000007 
              0000004D 
              00000017 
              00000038 
              00000064 
              0000002C 
              00000001 
              00000019 ARRAY   DCD              11, 5, 2, 7, 77, 23, 56, 100, 4
4, 1, 25 
                                                            ; DEFINING ARRAY 
   28 00000078 0000000B 
                       ARRAYSIZE
                               DCD              11          ; SIZE OF ARRAY
   29 0000007C         
   30 0000007C 00000000 
              00000000 
              00000000 
              00000000         AREA             WRITEDATA, DATA, READWRITE ; PR
                                                            OGRAM PREREQUISITES
                                                             IN READ WRITE MEMO
                                                            RY
   31 00000000 40000000 
                       LARGEADDRESS
                               DCD              0X40000000  ; ADDRESS OF LOCATI
                                                            ON CONTAINING THE M
                                                            AXIMUM ELEMENT IN A
                                                            RRAY
   32 00000004 40000004 
                       SMALLADDRESS
                               DCD              0X40000004  ; ADDRESS OF LOCATI
                                                            ON CONTAINING THE L
                                                            EAST ELEMENT IN ARR
                                                            AY
   33 00000008                 END                          ; END OF PROGRAM
Command Line: --debug --xref --apcs=interwork --depend=.\program6.d -o.\program
6.o -IC:\Keil\ARM\RV31\INC -IC:\Keil\ARM\CMSIS\Include -IC:\Keil\ARM\Inc\Philip
s --predefine="__EVAL SETA 1" --list=.\program6.lst PROGRAM6.S



ARM Macro Assembler    Page 1 Alphabetic symbol ordering
Relocatable symbols

ARRAY 0000004C

Symbol: ARRAY
   Definitions
      At line 27 in file PROGRAM6.S
   Uses
      At line 5 in file PROGRAM6.S
Comment: ARRAY used once
ARRAYSIZE 00000078

Symbol: ARRAYSIZE
   Definitions
      At line 28 in file PROGRAM6.S
   Uses
      At line 6 in file PROGRAM6.S
Comment: ARRAYSIZE used once
LOOP 00000014

Symbol: LOOP
   Definitions
      At line 11 in file PROGRAM6.S
   Uses
      At line 19 in file PROGRAM6.S
Comment: LOOP used once
PROGRAM 00000000

Symbol: PROGRAM
   Definitions
      At line 2 in file PROGRAM6.S
   Uses
      None
Comment: PROGRAM unused
STOP 00000048

Symbol: STOP
   Definitions
      At line 25 in file PROGRAM6.S
   Uses
      At line 25 in file PROGRAM6.S
Comment: STOP used once
STORE 00000038

Symbol: STORE
   Definitions
      At line 21 in file PROGRAM6.S
   Uses
      At line 18 in file PROGRAM6.S
Comment: STORE used once
6 symbols



ARM Macro Assembler    Page 1 Alphabetic symbol ordering
Relocatable symbols

LARGEADDRESS 00000000

Symbol: LARGEADDRESS
   Definitions
      At line 31 in file PROGRAM6.S
   Uses
      At line 21 in file PROGRAM6.S
Comment: LARGEADDRESS used once
SMALLADDRESS 00000004

Symbol: SMALLADDRESS
   Definitions
      At line 32 in file PROGRAM6.S
   Uses
      At line 23 in file PROGRAM6.S
Comment: SMALLADDRESS used once
WRITEDATA 00000000

Symbol: WRITEDATA
   Definitions
      At line 30 in file PROGRAM6.S
   Uses
      None
Comment: WRITEDATA unused
3 symbols
342 symbols in table
